logic__14: 
logic__16: 
logic__18: 
datapath__20: 
dsp48e1__2: 
datapath__9: 
datapath__16: 
logic__10: 
case__15: 
datapath__25: 
datapath__6: 
muxpart: 
logic__23: 
datapath__5: 
datapath__11: 
logic__1: 
case__5: 
logic__20: 
datapath__8: 
datapath: 
datapath__13: 
case__12: 
case__3: 
case__11: 
binary16_to_decimal_4x4: 
case__2: 
logic__15: 
datapath__10: 
case__13: 
datapath__21: 
case__9: 
logic: 
datapath__2: 
logic__8: 
logic__6: 
reg__1: 
logic__9: 
counter: 
case__7: 
logic__17: 
vi_input_ports: 
vi_4x7_segment_driver: 
logic__2: 
datapath__17: 
datapath__3: 
datapath__14: 
case__8: 
logic__19: 
datapath__7: 
dsp48e1__3: 
logic__11: 
logic__7: 
datapath__12: 
datapath__23: 
datapath__18: 
vi_sys_rom: 
datapath__4: 
datapath__26: 
reg__2: 
datapath__22: 
datapath__27: 
dsp48e1__1: 
case__4: 
case__14: 
dsp48e1: 
logic__13: 
case__6: 
datapath__15: 
datapath__19: 
vi_output_ports: 
datapath__24: 
kcpsm6: 
case__1: 
reg: 
vi_sys_top_level: 
case__10: 
logic__12: 
case: 
datapath__1: 
